------------------------------------------------------------
TimeQuest Timing Analyzer Summary
------------------------------------------------------------

Type  : Slow Model Setup 'y[0]'
Slack : -7.056
TNS   : -126.966

Type  : Slow Model Setup 'CLOCK_50'
Slack : -6.966
TNS   : -1613.526

Type  : Slow Model Setup 'Draw3by3:inst2|enCursor[0]'
Slack : -6.469
TNS   : -85.895

Type  : Slow Model Setup 'VGA|mypll|altpll_component|pll|clk[0]'
Slack : 32.913
TNS   : 0.000

Type  : Slow Model Hold 'y[0]'
Slack : -4.937
TNS   : -51.090

Type  : Slow Model Hold 'CLOCK_50'
Slack : -2.521
TNS   : -60.501

Type  : Slow Model Hold 'Draw3by3:inst2|enCursor[0]'
Slack : -1.999
TNS   : -21.343

Type  : Slow Model Hold 'VGA|mypll|altpll_component|pll|clk[0]'
Slack : 0.517
TNS   : 0.000

Type  : Slow Model Minimum Pulse Width 'Draw3by3:inst2|enCursor[0]'
Slack : 0.500
TNS   : 0.000

Type  : Slow Model Minimum Pulse Width 'y[0]'
Slack : 0.500
TNS   : 0.000

Type  : Slow Model Minimum Pulse Width 'CLOCK_50'
Slack : 7.620
TNS   : 0.000

Type  : Slow Model Minimum Pulse Width 'VGA|mypll|altpll_component|pll|clk[0]'
Slack : 17.873
TNS   : 0.000

Type  : Fast Model Setup 'y[0]'
Slack : -3.630
TNS   : -48.864

Type  : Fast Model Setup 'Draw3by3:inst2|enCursor[0]'
Slack : -3.093
TNS   : -29.540

Type  : Fast Model Setup 'CLOCK_50'
Slack : -2.589
TNS   : -570.255

Type  : Fast Model Setup 'VGA|mypll|altpll_component|pll|clk[0]'
Slack : 36.814
TNS   : 0.000

Type  : Fast Model Hold 'y[0]'
Slack : -2.698
TNS   : -32.632

Type  : Fast Model Hold 'CLOCK_50'
Slack : -1.567
TNS   : -96.237

Type  : Fast Model Hold 'Draw3by3:inst2|enCursor[0]'
Slack : -1.209
TNS   : -15.697

Type  : Fast Model Hold 'VGA|mypll|altpll_component|pll|clk[0]'
Slack : 0.239
TNS   : 0.000

Type  : Fast Model Minimum Pulse Width 'Draw3by3:inst2|enCursor[0]'
Slack : 0.500
TNS   : 0.000

Type  : Fast Model Minimum Pulse Width 'y[0]'
Slack : 0.500
TNS   : 0.000

Type  : Fast Model Minimum Pulse Width 'CLOCK_50'
Slack : 7.620
TNS   : 0.000

Type  : Fast Model Minimum Pulse Width 'VGA|mypll|altpll_component|pll|clk[0]'
Slack : 17.873
TNS   : 0.000

------------------------------------------------------------
